// Jest Snapshot v1, https://goo.gl/fbAQLP

exports[`Pruebas sobre el componente AddCategory debe de mostrarse correctamente 1`] = `
<form
  onSubmit={[Function]}
>
  <p />
  <input
    onChange={[Function]}
    placeholder="Write a category"
    type="text"
    value=""
  />
</form>
`;
